.\HT-Production-POS.exe : 
At line:1 char:1
+ .\HT-Production-POS.exe 2> error_log.txt
+ ~~~~~~~~~~~~~~~~~~~~~~~~~~~~~~~~~~~~~~~~
    + CategoryInfo          : NotSpecified: (:String) [], RemoteException
    + FullyQualifiedErrorId : NativeCommandError
 
[ERROR] Port 5000 sudah digunakan!
Pastikan tidak ada aplikasi kasir lain atau terminal (npm run dev) yang sedang berjalan.
